[INFO] Scanning for projects...
[INFO] 
[INFO] -----------------< com.keyvaluestore:key-value-store >------------------
[INFO] Building Key-Value Store — Distributed Systems Challenge 1.0.0
[INFO] --------------------------------[ jar ]---------------------------------
[INFO] 
[INFO] --- maven-resources-plugin:2.6:resources (default-resources) @ key-value-store ---
[INFO] Using 'UTF-8' encoding to copy filtered resources.
[INFO] Copying 1 resource
[INFO] 
[INFO] --- maven-compiler-plugin:3.1:compile (default-compile) @ key-value-store ---
[INFO] Nothing to compile - all classes are up to date
[INFO] ------------------------------------------------------------------------
[INFO] BUILD SUCCESS
[INFO] ------------------------------------------------------------------------
[INFO] Total time:  1.693 s
[INFO] Finished at: 2026-04-09T17:01:02-03:00
[INFO] ------------------------------------------------------------------------
