[INFO] Scanning for projects...
[INFO] 
[INFO] -----------------< com.keyvaluestore:key-value-store >------------------
[INFO] Building Key-Value Store — Distributed Systems Challenge 1.0.0
[INFO] --------------------------------[ jar ]---------------------------------
[INFO] 
[INFO] --- maven-resources-plugin:2.6:resources (default-resources) @ key-value-store ---
[INFO] Using 'UTF-8' encoding to copy filtered resources.
[INFO] Copying 1 resource
[INFO] 
[INFO] --- maven-compiler-plugin:3.1:compile (default-compile) @ key-value-store ---
[INFO] Nothing to compile - all classes are up to date
[INFO] 
[INFO] --- maven-resources-plugin:2.6:testResources (default-testResources) @ key-value-store ---
[INFO] Using 'UTF-8' encoding to copy filtered resources.
[INFO] skip non existing resourceDirectory C:\0-cosas-mias\0-estudios\Diseños\key-value-store\src\test\resources
[INFO] 
[INFO] --- maven-compiler-plugin:3.1:testCompile (default-testCompile) @ key-value-store ---
[INFO] Changes detected - recompiling the module!
[INFO] Compiling 2 source files to C:\0-cosas-mias\0-estudios\Diseños\key-value-store\target\test-classes
[INFO] -------------------------------------------------------------
[ERROR] COMPILATION ERROR : 
[INFO] -------------------------------------------------------------
[ERROR] /C:/0-cosas-mias/0-estudios/Diseños/key-value-store/src/test/java/com/keyvaluestore/CoordinatorTest.java:[261,9] cannot find symbol
  symbol:   class Set
  location: class com.keyvaluestore.CoordinatorTest
[INFO] 1 error
[INFO] -------------------------------------------------------------
[INFO] ------------------------------------------------------------------------
[INFO] BUILD FAILURE
[INFO] ------------------------------------------------------------------------
[INFO] Total time:  3.121 s
[INFO] Finished at: 2026-04-09T17:00:16-03:00
[INFO] ------------------------------------------------------------------------
[ERROR] Failed to execute goal org.apache.maven.plugins:maven-compiler-plugin:3.1:testCompile (default-testCompile) on project key-value-store: Compilation failure
[ERROR] /C:/0-cosas-mias/0-estudios/Diseños/key-value-store/src/test/java/com/keyvaluestore/CoordinatorTest.java:[261,9] cannot find symbol
[ERROR]   symbol:   class Set
[ERROR]   location: class com.keyvaluestore.CoordinatorTest
[ERROR] 
[ERROR] -> [Help 1]
[ERROR] 
[ERROR] To see the full stack trace of the errors, re-run Maven with the -e switch.
[ERROR] Re-run Maven using the -X switch to enable full debug logging.
[ERROR] 
[ERROR] For more information about the errors and possible solutions, please read the following articles:
[ERROR] [Help 1] http://cwiki.apache.org/confluence/display/MAVEN/MojoFailureException
